================================================================================
                 PHARMACARE FRONTEND TEST REPORT
================================================================================

Generated: 1/9/2026, 3:00:03 PM
Total Tests: 57

--------------------------------------------------------------------------------
                         SUMMARY
--------------------------------------------------------------------------------
  [PASS]   Passed:  57
  [FAIL]   Failed:  0

  Pass Rate: 100.0%

  STATUS: ALL TESTS PASSED!

--------------------------------------------------------------------------------
                      TEST SUITES
--------------------------------------------------------------------------------
  [PASS] src/__tests__/api.test.js
  [PASS] src/App.test.js
  [PASS] src/__tests__/Login.test.js
  [PASS] src/__tests__/Products.test.js
  [PASS] src/__tests__/Cart.test.js

--------------------------------------------------------------------------------
                    TESTS BY CATEGORY
--------------------------------------------------------------------------------

================================================================================
                      END OF REPORT
================================================================================